// Jest Snapshot v1, https://goo.gl/fbAQLP

exports[
  `<ProviderRemove /> empty site list should trigger router push 1`
] = `null`;

exports[`<ProviderRemove /> matches snapshot 1`] = `
<div
  className="col-xs-12 col-md-8 col-md-offset-2 col-lg-6 col-lg-offset-3"
  style={
    Object {
      "marginTop": 20,
      "textAlign": "center",
    }
  }
>
  <div
    style={
      Object {
        "WebkitTapHighlightColor": "rgba(0,0,0,0)",
        "backgroundColor": "#353535",
        "borderRadius": 2,
        "boxShadow": "0 1px 6px rgba(0, 0, 0, 0.12),
               0 1px 4px rgba(0, 0, 0, 0.12)",
        "boxSizing": "border-box",
        "color": "#ffffff",
        "display": "inline-block",
        "fontFamily": "Roboto, sans-serif",
        "muiPrepared": true,
        "padding": 20,
        "textAlign": "center",
        "transition": "all 450ms cubic-bezier(0.23, 1, 0.32, 1) 0ms",
        "width": "100%",
      }
    }
  >
    <div
      className={undefined}
      onMouseDown={[Function]}
      onTouchEnd={[Function]}
      onTouchMove={[Function]}
      onTouchStart={[Function]}
      style={undefined}
    >
      <div
        className="row around-xs"
      >
        <div
          className="col-xs-12"
        >
          <h1>
            Remove 
            Google Drive
            ?
          </h1>
          <p>
            This will disable 
            Google Drive
             service for UploadBro
          </p>
        </div>
        <div
          className="col-xs-12"
        >
          <img
            src="/assets/img/google.svg"
            style={
              Object {
                "height": 120,
                "padding": 20,
              }
            }
          />
        </div>
        <div
          className="col-xs-6 col-md-4"
        >
          <a
            onClick={[Function]}
            style={Object {}}
          >
            <div
              className={undefined}
              style={
                Object {
                  "WebkitTapHighlightColor": "rgba(0,0,0,0)",
                  "backgroundColor": "#353535",
                  "borderRadius": 2,
                  "boxShadow": "0 1px 6px rgba(0, 0, 0, 0.12),
                         0 1px 4px rgba(0, 0, 0, 0.12)",
                  "boxSizing": "border-box",
                  "color": "#ffffff",
                  "display": "inline-block",
                  "fontFamily": "Roboto, sans-serif",
                  "minWidth": 88,
                  "muiPrepared": true,
                  "transition": "all 450ms cubic-bezier(0.23, 1, 0.32, 1) 0ms",
                }
              }
            >
              <button
                disabled={false}
                href={undefined}
                onBlur={[Function]}
                onClick={[Function]}
                onFocus={[Function]}
                onKeyDown={[Function]}
                onKeyUp={[Function]}
                onMouseDown={[Function]}
                onMouseEnter={[Function]}
                onMouseLeave={[Function]}
                onMouseUp={[Function]}
                onTouchEnd={[Function]}
                onTouchStart={[Function]}
                onTouchTap={[Function]}
                style={
                  Object {
                    "WebkitTapHighlightColor": "rgba(0, 0, 0, 0)",
                    "backgroundColor": "#303F9F",
                    "border": 10,
                    "borderRadius": 2,
                    "boxSizing": "border-box",
                    "cursor": "pointer",
                    "display": "inline-block",
                    "fontFamily": "Roboto, sans-serif",
                    "fontSize": "inherit",
                    "fontWeight": "inherit",
                    "height": 36,
                    "lineHeight": "36px",
                    "margin": 0,
                    "muiPrepared": true,
                    "outline": "none",
                    "padding": 0,
                    "position": "relative",
                    "textAlign": "center",
                    "textDecoration": "none",
                    "transition": "all 450ms cubic-bezier(0.23, 1, 0.32, 1) 0ms",
                    "verticalAlign": null,
                    "width": "100%",
                    "zIndex": 1,
                  }
                }
                tabIndex={0}
                type="button"
              >
                <div
                  onMouseDown={[Function]}
                  onMouseLeave={[Function]}
                  onMouseUp={[Function]}
                  onTouchEnd={[Function]}
                  onTouchStart={[Function]}
                >
                  <div
                    style={
                      Object {
                        "backgroundColor": false,
                        "borderRadius": 2,
                        "height": 36,
                        "muiPrepared": true,
                        "top": 0,
                        "transition": "all 450ms cubic-bezier(0.23, 1, 0.32, 1) 0ms",
                      }
                    }
                  >
                    Cancel
                  </div>
                </div>
              </button>
            </div>
          </a>
        </div>
        <div
          className="col-xs-6 col-md-4"
        >
          <div
            className={undefined}
            style={
              Object {
                "WebkitTapHighlightColor": "rgba(0,0,0,0)",
                "backgroundColor": "#353535",
                "borderRadius": 2,
                "boxShadow": "0 1px 6px rgba(0, 0, 0, 0.12),
                       0 1px 4px rgba(0, 0, 0, 0.12)",
                "boxSizing": "border-box",
                "color": "#ffffff",
                "display": "inline-block",
                "fontFamily": "Roboto, sans-serif",
                "minWidth": 88,
                "muiPrepared": true,
                "transition": "all 450ms cubic-bezier(0.23, 1, 0.32, 1) 0ms",
              }
            }
          >
            <button
              disabled={false}
              href={undefined}
              onBlur={[Function]}
              onClick={[Function]}
              onFocus={[Function]}
              onKeyDown={[Function]}
              onKeyUp={[Function]}
              onMouseDown={[Function]}
              onMouseEnter={[Function]}
              onMouseLeave={[Function]}
              onMouseUp={[Function]}
              onTouchEnd={[Function]}
              onTouchStart={[Function]}
              onTouchTap={[Function]}
              style={
                Object {
                  "WebkitTapHighlightColor": "rgba(0, 0, 0, 0)",
                  "backgroundColor": "#448AFF",
                  "border": 10,
                  "borderRadius": 2,
                  "boxSizing": "border-box",
                  "cursor": "pointer",
                  "display": "inline-block",
                  "fontFamily": "Roboto, sans-serif",
                  "fontSize": "inherit",
                  "fontWeight": "inherit",
                  "height": 36,
                  "lineHeight": "36px",
                  "margin": 0,
                  "muiPrepared": true,
                  "outline": "none",
                  "padding": 0,
                  "position": "relative",
                  "textAlign": "center",
                  "textDecoration": "none",
                  "transition": "all 450ms cubic-bezier(0.23, 1, 0.32, 1) 0ms",
                  "verticalAlign": null,
                  "width": "100%",
                  "zIndex": 1,
                }
              }
              tabIndex={0}
              type="button"
            >
              <div
                onMouseDown={[Function]}
                onMouseLeave={[Function]}
                onMouseUp={[Function]}
                onTouchEnd={[Function]}
                onTouchStart={[Function]}
              >
                <div
                  style={
                    Object {
                      "backgroundColor": false,
                      "borderRadius": 2,
                      "height": 36,
                      "muiPrepared": true,
                      "top": 0,
                      "transition": "all 450ms cubic-bezier(0.23, 1, 0.32, 1) 0ms",
                    }
                  }
                >
                  Remove
                </div>
              </div>
            </button>
          </div>
        </div>
      </div>
    </div>
  </div>
</div>
`;

exports[
  `<ProviderRemove /> site list with 1 item should fallback to own type in swipe action 1`
] = `
<div
  className="col-xs-12 col-md-8 col-md-offset-2 col-lg-6 col-lg-offset-3"
  style={
    Object {
      "marginTop": 20,
      "textAlign": "center",
    }
  }
>
  <div
    style={
      Object {
        "WebkitTapHighlightColor": "rgba(0,0,0,0)",
        "backgroundColor": "#353535",
        "borderRadius": 2,
        "boxShadow": "0 1px 6px rgba(0, 0, 0, 0.12),
               0 1px 4px rgba(0, 0, 0, 0.12)",
        "boxSizing": "border-box",
        "color": "#ffffff",
        "display": "inline-block",
        "fontFamily": "Roboto, sans-serif",
        "muiPrepared": true,
        "padding": 20,
        "textAlign": "center",
        "transition": "all 450ms cubic-bezier(0.23, 1, 0.32, 1) 0ms",
        "width": "100%",
      }
    }
  >
    <div
      className={undefined}
      onMouseDown={[Function]}
      onTouchEnd={[Function]}
      onTouchMove={[Function]}
      onTouchStart={[Function]}
      style={undefined}
    >
      <div
        className="row around-xs"
      >
        <div
          className="col-xs-12"
        >
          <h1>
            Remove 
            Box
            ?
          </h1>
          <p>
            This will disable 
            Box
             service for UploadBro
          </p>
        </div>
        <div
          className="col-xs-12"
        >
          <img
            src="/assets/img/box.svg"
            style={
              Object {
                "height": 120,
                "padding": 20,
              }
            }
          />
        </div>
        <div
          className="col-xs-6 col-md-4"
        >
          <a
            onClick={[Function]}
            style={Object {}}
          >
            <div
              className={undefined}
              style={
                Object {
                  "WebkitTapHighlightColor": "rgba(0,0,0,0)",
                  "backgroundColor": "#353535",
                  "borderRadius": 2,
                  "boxShadow": "0 1px 6px rgba(0, 0, 0, 0.12),
                         0 1px 4px rgba(0, 0, 0, 0.12)",
                  "boxSizing": "border-box",
                  "color": "#ffffff",
                  "display": "inline-block",
                  "fontFamily": "Roboto, sans-serif",
                  "minWidth": 88,
                  "muiPrepared": true,
                  "transition": "all 450ms cubic-bezier(0.23, 1, 0.32, 1) 0ms",
                }
              }
            >
              <button
                disabled={false}
                href={undefined}
                onBlur={[Function]}
                onClick={[Function]}
                onFocus={[Function]}
                onKeyDown={[Function]}
                onKeyUp={[Function]}
                onMouseDown={[Function]}
                onMouseEnter={[Function]}
                onMouseLeave={[Function]}
                onMouseUp={[Function]}
                onTouchEnd={[Function]}
                onTouchStart={[Function]}
                onTouchTap={[Function]}
                style={
                  Object {
                    "WebkitTapHighlightColor": "rgba(0, 0, 0, 0)",
                    "backgroundColor": "#303F9F",
                    "border": 10,
                    "borderRadius": 2,
                    "boxSizing": "border-box",
                    "cursor": "pointer",
                    "display": "inline-block",
                    "fontFamily": "Roboto, sans-serif",
                    "fontSize": "inherit",
                    "fontWeight": "inherit",
                    "height": 36,
                    "lineHeight": "36px",
                    "margin": 0,
                    "muiPrepared": true,
                    "outline": "none",
                    "padding": 0,
                    "position": "relative",
                    "textAlign": "center",
                    "textDecoration": "none",
                    "transition": "all 450ms cubic-bezier(0.23, 1, 0.32, 1) 0ms",
                    "verticalAlign": null,
                    "width": "100%",
                    "zIndex": 1,
                  }
                }
                tabIndex={0}
                type="button"
              >
                <div
                  onMouseDown={[Function]}
                  onMouseLeave={[Function]}
                  onMouseUp={[Function]}
                  onTouchEnd={[Function]}
                  onTouchStart={[Function]}
                >
                  <div
                    style={
                      Object {
                        "backgroundColor": false,
                        "borderRadius": 2,
                        "height": 36,
                        "muiPrepared": true,
                        "top": 0,
                        "transition": "all 450ms cubic-bezier(0.23, 1, 0.32, 1) 0ms",
                      }
                    }
                  >
                    Cancel
                  </div>
                </div>
              </button>
            </div>
          </a>
        </div>
        <div
          className="col-xs-6 col-md-4"
        >
          <div
            className={undefined}
            style={
              Object {
                "WebkitTapHighlightColor": "rgba(0,0,0,0)",
                "backgroundColor": "#353535",
                "borderRadius": 2,
                "boxShadow": "0 1px 6px rgba(0, 0, 0, 0.12),
                       0 1px 4px rgba(0, 0, 0, 0.12)",
                "boxSizing": "border-box",
                "color": "#ffffff",
                "display": "inline-block",
                "fontFamily": "Roboto, sans-serif",
                "minWidth": 88,
                "muiPrepared": true,
                "transition": "all 450ms cubic-bezier(0.23, 1, 0.32, 1) 0ms",
              }
            }
          >
            <button
              disabled={false}
              href={undefined}
              onBlur={[Function]}
              onClick={[Function]}
              onFocus={[Function]}
              onKeyDown={[Function]}
              onKeyUp={[Function]}
              onMouseDown={[Function]}
              onMouseEnter={[Function]}
              onMouseLeave={[Function]}
              onMouseUp={[Function]}
              onTouchEnd={[Function]}
              onTouchStart={[Function]}
              onTouchTap={[Function]}
              style={
                Object {
                  "WebkitTapHighlightColor": "rgba(0, 0, 0, 0)",
                  "backgroundColor": "#448AFF",
                  "border": 10,
                  "borderRadius": 2,
                  "boxSizing": "border-box",
                  "cursor": "pointer",
                  "display": "inline-block",
                  "fontFamily": "Roboto, sans-serif",
                  "fontSize": "inherit",
                  "fontWeight": "inherit",
                  "height": 36,
                  "lineHeight": "36px",
                  "margin": 0,
                  "muiPrepared": true,
                  "outline": "none",
                  "padding": 0,
                  "position": "relative",
                  "textAlign": "center",
                  "textDecoration": "none",
                  "transition": "all 450ms cubic-bezier(0.23, 1, 0.32, 1) 0ms",
                  "verticalAlign": null,
                  "width": "100%",
                  "zIndex": 1,
                }
              }
              tabIndex={0}
              type="button"
            >
              <div
                onMouseDown={[Function]}
                onMouseLeave={[Function]}
                onMouseUp={[Function]}
                onTouchEnd={[Function]}
                onTouchStart={[Function]}
              >
                <div
                  style={
                    Object {
                      "backgroundColor": false,
                      "borderRadius": 2,
                      "height": 36,
                      "muiPrepared": true,
                      "top": 0,
                      "transition": "all 450ms cubic-bezier(0.23, 1, 0.32, 1) 0ms",
                    }
                  }
                >
                  Remove
                </div>
              </div>
            </button>
          </div>
        </div>
      </div>
    </div>
  </div>
</div>
`;
